// Jest Snapshot v1, https://goo.gl/fbAQLP

exports[`Test <Navbar/> it must be displayed correctly 1`] = `
<ul
  className="core__NavbarList-qu5lcc-10 IJNH"
>
  <li
    className="core__NavbarElement-qu5lcc-11 llrJN"
  >
    <a
      href="/home"
      onClick={[Function]}
    >
      Home
    </a>
  </li>
  <li
    className="core__NavbarElement-qu5lcc-11 llrJN"
  >
    <a
      href="/search"
      onClick={[Function]}
    >
      Search
    </a>
  </li>
  <li
    className="core__NavbarElement-qu5lcc-11 llrJN"
  >
    <a
      href="/all-gnomes"
      onClick={[Function]}
    >
      Gnomes
    </a>
  </li>
  <li
    className="core__NavbarElement-qu5lcc-11 bAOUru"
  >
    <button
      className="core__ButtonStyle-qu5lcc-6 Navbar__ButtonLogoutStyle-sc-1p7v5fe-0 eXWduD fgIWp"
      onClick={[Function]}
    >
      Logout
    </button>
  </li>
</ul>
`;
